// Jest Snapshot v1, https://goo.gl/fbAQLP

exports[`Check MyProfile renders correctly 1`] = `
<section
  className="section"
>
  <div
    className="div"
  >
    <table
      className="table"
    >
      <thead>
        <tr>
          <th
            className="th"
          >
            My Missions
          </th>
        </tr>
      </thead>
      <tbody>
        <tr>
          <td
            className="td"
          >
            You haven't joined any missions yet.
          </td>
        </tr>
      </tbody>
    </table>
  </div>
  <div
    className="div"
  >
    <table
      className="table"
    >
      <thead>
        <tr>
          <th
            className="th"
          >
            My Rockets
          </th>
        </tr>
      </thead>
      <tbody>
        <tr>
          <td
            className="td"
          >
            You don't have reserved rockets yet.
          </td>
        </tr>
      </tbody>
    </table>
  </div>
</section>
`;
